# serializer version: 1
# name: test_diagnostics
  dict({
    'all_sensor_data': dict({
      'generated_at': 1735399999,
      'sensors': list([
        dict({
          'active': True,
          'category': 'Barometer',
          'created_date': 1517988730,
          'elevation': 36.56343,
          'latitude': 58.01418,
          'longitude': 11.58347,
          'lsid': 13997,
          'manufacturer': 'Davis Instruments',
          'modified_date': 1517988730,
          'parent_device_id': 14696303,
          'parent_device_id_hex': '001D0AE03F6F',
          'parent_device_name': 'Säby, Tjörn',
          'parent_device_type': 'Gateway',
          'port_number': -1,
          'product_name': 'Barometer',
          'product_number': '',
          'rain_collector_type': 0,
          'sensor_type': 3,
          'station_id': 3362,
          'station_id_uuid': 'b1b3b7b4-fc23-4169-bf32-4c54f232a225',
          'station_name': 'Säby, Tjörn',
          'tx_id': None,
        }),
        dict({
          'active': True,
          'category': 'Solar Radiation',
          'created_date': 1517988730,
          'elevation': 36.56343,
          'latitude': 58.01418,
          'longitude': 11.58347,
          'lsid': 13998,
          'manufacturer': 'Davis Instruments',
          'modified_date': 1517988730,
          'parent_device_id': 14696303,
          'parent_device_id_hex': '001D0AE03F6F',
          'parent_device_name': 'Säby, Tjörn',
          'parent_device_type': 'Gateway',
          'port_number': -1,
          'product_name': 'Solar Radiation',
          'product_number': '',
          'rain_collector_type': 0,
          'sensor_type': 4,
          'station_id': 3362,
          'station_id_uuid': 'b1b3b7b4-fc23-4169-bf32-4c54f232a225',
          'station_name': 'Säby, Tjörn',
          'tx_id': None,
        }),
        dict({
          'active': True,
          'category': 'Ultra Violet',
          'created_date': 1517988730,
          'elevation': 36.56343,
          'latitude': 58.01418,
          'longitude': 11.58347,
          'lsid': 13999,
          'manufacturer': 'Davis Instruments',
          'modified_date': 1517988730,
          'parent_device_id': 14696303,
          'parent_device_id_hex': '001D0AE03F6F',
          'parent_device_name': 'Säby, Tjörn',
          'parent_device_type': 'Gateway',
          'port_number': -1,
          'product_name': 'Ultra Violet',
          'product_number': '',
          'rain_collector_type': 0,
          'sensor_type': 5,
          'station_id': 3362,
          'station_id_uuid': 'b1b3b7b4-fc23-4169-bf32-4c54f232a225',
          'station_name': 'Säby, Tjörn',
          'tx_id': None,
        }),
        dict({
          'active': True,
          'category': 'Soil Temperature',
          'created_date': 1518025210,
          'elevation': 36.56343,
          'latitude': 58.01418,
          'longitude': 11.58347,
          'lsid': 14091,
          'manufacturer': 'Davis Instruments',
          'modified_date': 1518025210,
          'parent_device_id': 14696303,
          'parent_device_id_hex': '001D0AE03F6F',
          'parent_device_name': 'Säby, Tjörn',
          'parent_device_type': 'Gateway',
          'port_number': -1,
          'product_name': 'Soil Temp 1',
          'product_number': '',
          'rain_collector_type': 0,
          'sensor_type': 9,
          'station_id': 3362,
          'station_id_uuid': 'b1b3b7b4-fc23-4169-bf32-4c54f232a225',
          'station_name': 'Säby, Tjörn',
          'tx_id': None,
        }),
        dict({
          'active': True,
          'category': 'Soil Temperature',
          'created_date': 1518025210,
          'elevation': 36.56343,
          'latitude': 58.01418,
          'longitude': 11.58347,
          'lsid': 14092,
          'manufacturer': 'Davis Instruments',
          'modified_date': 1518025210,
          'parent_device_id': 14696303,
          'parent_device_id_hex': '001D0AE03F6F',
          'parent_device_name': 'Säby, Tjörn',
          'parent_device_type': 'Gateway',
          'port_number': -1,
          'product_name': 'Soil Temp 2',
          'product_number': '',
          'rain_collector_type': 0,
          'sensor_type': 10,
          'station_id': 3362,
          'station_id_uuid': 'b1b3b7b4-fc23-4169-bf32-4c54f232a225',
          'station_name': 'Säby, Tjörn',
          'tx_id': None,
        }),
        dict({
          'active': True,
          'category': 'Soil Temperature',
          'created_date': 1518025210,
          'elevation': 36.56343,
          'latitude': 58.01418,
          'longitude': 11.58347,
          'lsid': 14093,
          'manufacturer': 'Davis Instruments',
          'modified_date': 1518025210,
          'parent_device_id': 14696303,
          'parent_device_id_hex': '001D0AE03F6F',
          'parent_device_name': 'Säby, Tjörn',
          'parent_device_type': 'Gateway',
          'port_number': -1,
          'product_name': 'Soil Temp 3',
          'product_number': '',
          'rain_collector_type': 0,
          'sensor_type': 11,
          'station_id': 3362,
          'station_id_uuid': 'b1b3b7b4-fc23-4169-bf32-4c54f232a225',
          'station_name': 'Säby, Tjörn',
          'tx_id': None,
        }),
        dict({
          'active': True,
          'category': 'Leaf Temperature',
          'created_date': 1518025210,
          'elevation': 36.56343,
          'latitude': 58.01418,
          'longitude': 11.58347,
          'lsid': 14094,
          'manufacturer': 'Davis Instruments',
          'modified_date': 1518025210,
          'parent_device_id': 14696303,
          'parent_device_id_hex': '001D0AE03F6F',
          'parent_device_name': 'Säby, Tjörn',
          'parent_device_type': 'Gateway',
          'port_number': -1,
          'product_name': 'Leaf Temp 1',
          'product_number': '',
          'rain_collector_type': 0,
          'sensor_type': 13,
          'station_id': 3362,
          'station_id_uuid': 'b1b3b7b4-fc23-4169-bf32-4c54f232a225',
          'station_name': 'Säby, Tjörn',
          'tx_id': None,
        }),
        dict({
          'active': True,
          'category': 'Leaf Temperature',
          'created_date': 1518025210,
          'elevation': 36.56343,
          'latitude': 58.01418,
          'longitude': 11.58347,
          'lsid': 14095,
          'manufacturer': 'Davis Instruments',
          'modified_date': 1518025210,
          'parent_device_id': 14696303,
          'parent_device_id_hex': '001D0AE03F6F',
          'parent_device_name': 'Säby, Tjörn',
          'parent_device_type': 'Gateway',
          'port_number': -1,
          'product_name': 'Leaf Temp 2',
          'product_number': '',
          'rain_collector_type': 0,
          'sensor_type': 14,
          'station_id': 3362,
          'station_id_uuid': 'b1b3b7b4-fc23-4169-bf32-4c54f232a225',
          'station_name': 'Säby, Tjörn',
          'tx_id': None,
        }),
        dict({
          'active': True,
          'category': 'Soil Moisture',
          'created_date': 1518025210,
          'elevation': 36.56343,
          'latitude': 58.01418,
          'longitude': 11.58347,
          'lsid': 14097,
          'manufacturer': 'Davis Instruments',
          'modified_date': 1518025210,
          'parent_device_id': 14696303,
          'parent_device_id_hex': '001D0AE03F6F',
          'parent_device_name': 'Säby, Tjörn',
          'parent_device_type': 'Gateway',
          'port_number': -1,
          'product_name': 'Soil Moisture 1',
          'product_number': '',
          'rain_collector_type': 0,
          'sensor_type': 17,
          'station_id': 3362,
          'station_id_uuid': 'b1b3b7b4-fc23-4169-bf32-4c54f232a225',
          'station_name': 'Säby, Tjörn',
          'tx_id': None,
        }),
        dict({
          'active': True,
          'category': 'Leaf Wetness',
          'created_date': 1518025210,
          'elevation': 36.56343,
          'latitude': 58.01418,
          'longitude': 11.58347,
          'lsid': 14098,
          'manufacturer': 'Davis Instruments',
          'modified_date': 1518025210,
          'parent_device_id': 14696303,
          'parent_device_id_hex': '001D0AE03F6F',
          'parent_device_name': 'Säby, Tjörn',
          'parent_device_type': 'Gateway',
          'port_number': -1,
          'product_name': 'Leaf Wetness 1',
          'product_number': '',
          'rain_collector_type': 0,
          'sensor_type': 21,
          'station_id': 3362,
          'station_id_uuid': 'b1b3b7b4-fc23-4169-bf32-4c54f232a225',
          'station_name': 'Säby, Tjörn',
          'tx_id': None,
        }),
        dict({
          'active': True,
          'category': 'Leaf Wetness',
          'created_date': 1667813348,
          'elevation': 36.56343,
          'latitude': 58.01418,
          'longitude': 11.58347,
          'lsid': 560697,
          'manufacturer': 'Davis Instruments',
          'modified_date': 1667813348,
          'parent_device_id': 14696303,
          'parent_device_id_hex': '001D0AE03F6F',
          'parent_device_name': 'Säby, Tjörn',
          'parent_device_type': 'Gateway',
          'port_number': -1,
          'product_name': 'Leaf Wetness 2',
          'product_number': '',
          'rain_collector_type': 0,
          'sensor_type': 22,
          'station_id': 3362,
          'station_id_uuid': 'b1b3b7b4-fc23-4169-bf32-4c54f232a225',
          'station_name': 'Säby, Tjörn',
          'tx_id': None,
        }),
        dict({
          'active': True,
          'category': 'ISS',
          'created_date': 1517988730,
          'elevation': 36.56343,
          'latitude': 58.01418,
          'longitude': 11.58347,
          'lsid': 13996,
          'manufacturer': 'Davis Instruments',
          'modified_date': 1517988730,
          'parent_device_id': 14696303,
          'parent_device_id_hex': '001D0AE03F6F',
          'parent_device_name': 'Säby, Tjörn',
          'parent_device_type': 'Gateway',
          'port_number': 9,
          'product_name': 'Vantage Pro Plus',
          'product_number': '',
          'rain_collector_type': 3,
          'sensor_type': 34,
          'station_id': 3362,
          'station_id_uuid': 'b1b3b7b4-fc23-4169-bf32-4c54f232a225',
          'station_name': 'Säby, Tjörn',
          'tx_id': None,
        }),
        dict({
          'active': True,
          'category': 'Barometer',
          'created_date': 1528926613,
          'elevation': 0.0,
          'latitude': 59.3055,
          'longitude': 18.2159,
          'lsid': 34949,
          'manufacturer': 'Davis Instruments',
          'modified_date': 1528926613,
          'parent_device_id': 10522,
          'parent_device_id_hex': '001D0A00291A',
          'parent_device_name': 'Saltsjö-Duvnäs',
          'parent_device_type': 'Gateway',
          'port_number': -1,
          'product_name': 'Barometer',
          'product_number': '',
          'rain_collector_type': 0,
          'sensor_type': 3,
          'station_id': 9926,
          'station_id_uuid': '165cf907-edba-47b3-91f6-058e56d57a16',
          'station_name': 'Saltsjö-Duvnäs',
          'tx_id': None,
        }),
        dict({
          'active': True,
          'category': 'ISS',
          'created_date': 1528926613,
          'elevation': 0.0,
          'latitude': 59.3055,
          'longitude': 18.2159,
          'lsid': 34948,
          'manufacturer': 'Davis Instruments',
          'modified_date': 1528926613,
          'parent_device_id': 10522,
          'parent_device_id_hex': '001D0A00291A',
          'parent_device_name': 'Saltsjö-Duvnäs',
          'parent_device_type': 'Gateway',
          'port_number': 9,
          'product_name': 'Vantage Vue, Wireless',
          'product_number': '6357',
          'rain_collector_type': 0,
          'sensor_type': 37,
          'station_id': 9926,
          'station_id_uuid': '165cf907-edba-47b3-91f6-058e56d57a16',
          'station_name': 'Saltsjö-Duvnäs',
          'tx_id': None,
        }),
        dict({
          'active': True,
          'category': 'Barometer',
          'created_date': 1528928418,
          'elevation': 0.0,
          'latitude': 60.1899,
          'longitude': 18.7688,
          'lsid': 34957,
          'manufacturer': 'Davis Instruments',
          'modified_date': 1528928418,
          'parent_device_id': 10445,
          'parent_device_id_hex': '001D0A0028CD',
          'parent_device_name': 'Singö',
          'parent_device_type': 'Gateway',
          'port_number': -1,
          'product_name': 'Barometer',
          'product_number': '',
          'rain_collector_type': 0,
          'sensor_type': 3,
          'station_id': 9930,
          'station_id_uuid': '4d4142f2-41ba-44f6-a1ff-36f4e3fad43f',
          'station_name': 'Singö',
          'tx_id': None,
        }),
        dict({
          'active': True,
          'category': 'ISS',
          'created_date': 1528928418,
          'elevation': 0.0,
          'latitude': 60.1899,
          'longitude': 18.7688,
          'lsid': 34956,
          'manufacturer': 'Davis Instruments',
          'modified_date': 1528928418,
          'parent_device_id': 10445,
          'parent_device_id_hex': '001D0A0028CD',
          'parent_device_name': 'Singö',
          'parent_device_type': 'Gateway',
          'port_number': 9,
          'product_name': 'Vantage Vue, Wireless',
          'product_number': '6357',
          'rain_collector_type': 0,
          'sensor_type': 37,
          'station_id': 9930,
          'station_id_uuid': '4d4142f2-41ba-44f6-a1ff-36f4e3fad43f',
          'station_name': 'Singö',
          'tx_id': None,
        }),
        dict({
          'active': True,
          'category': 'Barometer',
          'created_date': 1528967032,
          'elevation': 0.0,
          'latitude': 61.19411,
          'longitude': 14.52955,
          'lsid': 35024,
          'manufacturer': 'Davis Instruments',
          'modified_date': 1528967032,
          'parent_device_id': 10039,
          'parent_device_id_hex': '001D0A002737',
          'parent_device_name': 'Fryksås S',
          'parent_device_type': 'Gateway',
          'port_number': -1,
          'product_name': 'Barometer',
          'product_number': '',
          'rain_collector_type': 0,
          'sensor_type': 3,
          'station_id': 9951,
          'station_id_uuid': '77763191-1cf8-409b-9e21-59667af79b12',
          'station_name': 'Fryksås S',
          'tx_id': None,
        }),
        dict({
          'active': True,
          'category': 'ISS',
          'created_date': 1528967032,
          'elevation': 0.0,
          'latitude': 61.19411,
          'longitude': 14.52955,
          'lsid': 35023,
          'manufacturer': 'Davis Instruments',
          'modified_date': 1528967032,
          'parent_device_id': 10039,
          'parent_device_id_hex': '001D0A002737',
          'parent_device_name': 'Fryksås S',
          'parent_device_type': 'Gateway',
          'port_number': 9,
          'product_name': 'Vantage Vue, Wireless',
          'product_number': '6357',
          'rain_collector_type': 0,
          'sensor_type': 37,
          'station_id': 9951,
          'station_id_uuid': '77763191-1cf8-409b-9e21-59667af79b12',
          'station_name': 'Fryksås S',
          'tx_id': None,
        }),
        dict({
          'active': True,
          'category': 'Barometer',
          'created_date': 1529393240,
          'elevation': 0.0,
          'latitude': 61.194283,
          'longitude': 14.528561,
          'lsid': 38290,
          'manufacturer': 'Davis Instruments',
          'modified_date': 1529393240,
          'parent_device_id': 10474,
          'parent_device_id_hex': '001D0A0028EA',
          'parent_device_name': 'Fryksås',
          'parent_device_type': 'Gateway',
          'port_number': -1,
          'product_name': 'Barometer',
          'product_number': '',
          'rain_collector_type': 0,
          'sensor_type': 3,
          'station_id': 11093,
          'station_id_uuid': '144f9188-37f9-40ee-817e-19234eb54b9b',
          'station_name': 'Fryksås',
          'tx_id': None,
        }),
        dict({
          'active': True,
          'category': 'ISS',
          'created_date': 1529393240,
          'elevation': 0.0,
          'latitude': 61.194283,
          'longitude': 14.528561,
          'lsid': 38289,
          'manufacturer': 'Davis Instruments',
          'modified_date': 1529393240,
          'parent_device_id': 10474,
          'parent_device_id_hex': '001D0A0028EA',
          'parent_device_name': 'Fryksås',
          'parent_device_type': 'Gateway',
          'port_number': 9,
          'product_name': 'Vantage Vue, Wireless',
          'product_number': '6357',
          'rain_collector_type': 0,
          'sensor_type': 37,
          'station_id': 11093,
          'station_id_uuid': '144f9188-37f9-40ee-817e-19234eb54b9b',
          'station_name': 'Fryksås',
          'tx_id': None,
        }),
        dict({
          'active': True,
          'category': 'ISS',
          'created_date': 1565863610,
          'elevation': 36.34928,
          'latitude': 58.01417,
          'longitude': 11.58346,
          'lsid': 251003,
          'manufacturer': 'Davis Instruments',
          'modified_date': 1713449120,
          'parent_device_id': 7406856,
          'parent_device_id_hex': '001D0A710508',
          'parent_device_name': 'Weather on Tjörn',
          'parent_device_type': 'Gateway',
          'port_number': 7,
          'product_name': 'Vantage Pro2 Plus, includes UV & Solar Radiation Sensors',
          'product_number': '6162',
          'rain_collector_type': 2,
          'sensor_type': 45,
          'station_id': 75649,
          'station_id_uuid': '44df599c-f4b8-4905-a564-5e57a2b018f0',
          'station_name': 'Weather on Tjörn',
          'tx_id': 7,
        }),
        dict({
          'active': True,
          'category': 'Other',
          'created_date': 1565863610,
          'elevation': 36.34928,
          'latitude': 58.01417,
          'longitude': 11.58346,
          'lsid': 251004,
          'manufacturer': 'Davis Instruments',
          'modified_date': 1713449120,
          'parent_device_id': 7406856,
          'parent_device_id_hex': '001D0A710508',
          'parent_device_name': 'Weather on Tjörn',
          'parent_device_type': 'Gateway',
          'port_number': 8,
          'product_name': 'Sensor Suite',
          'product_number': '',
          'rain_collector_type': 3,
          'sensor_type': 55,
          'station_id': 75649,
          'station_id_uuid': '44df599c-f4b8-4905-a564-5e57a2b018f0',
          'station_name': 'Weather on Tjörn',
          'tx_id': 8,
        }),
        dict({
          'active': True,
          'category': 'Other',
          'created_date': 1713448812,
          'elevation': 36.34928,
          'latitude': 58.01417,
          'longitude': 11.58346,
          'lsid': 719837,
          'manufacturer': 'Davis Instruments',
          'modified_date': 1713449120,
          'parent_device_id': 7406856,
          'parent_device_id_hex': '001D0A710508',
          'parent_device_name': 'Weather on Tjörn',
          'parent_device_type': 'Gateway',
          'port_number': 3,
          'product_name': 'Sensor Suite',
          'product_number': '',
          'rain_collector_type': 0,
          'sensor_type': 55,
          'station_id': 75649,
          'station_id_uuid': '44df599c-f4b8-4905-a564-5e57a2b018f0',
          'station_name': 'Weather on Tjörn',
          'tx_id': 3,
        }),
        dict({
          'active': True,
          'category': 'Other',
          'created_date': 1713449120,
          'elevation': 36.34928,
          'latitude': 58.01417,
          'longitude': 11.58346,
          'lsid': 719842,
          'manufacturer': 'Davis Instruments',
          'modified_date': 1713449120,
          'parent_device_id': 7406856,
          'parent_device_id_hex': '001D0A710508',
          'parent_device_name': 'Weather on Tjörn',
          'parent_device_type': 'Gateway',
          'port_number': 4,
          'product_name': 'Sensor Suite',
          'product_number': '',
          'rain_collector_type': 0,
          'sensor_type': 55,
          'station_id': 75649,
          'station_id_uuid': '44df599c-f4b8-4905-a564-5e57a2b018f0',
          'station_name': 'Weather on Tjörn',
          'tx_id': 4,
        }),
        dict({
          'active': True,
          'category': 'Other',
          'created_date': 1713449120,
          'elevation': 36.34928,
          'latitude': 58.01417,
          'longitude': 11.58346,
          'lsid': 719843,
          'manufacturer': 'Davis Instruments',
          'modified_date': 1713449120,
          'parent_device_id': 7406856,
          'parent_device_id_hex': '001D0A710508',
          'parent_device_name': 'Weather on Tjörn',
          'parent_device_type': 'Gateway',
          'port_number': 5,
          'product_name': 'Sensor Suite',
          'product_number': '',
          'rain_collector_type': 0,
          'sensor_type': 55,
          'station_id': 75649,
          'station_id_uuid': '44df599c-f4b8-4905-a564-5e57a2b018f0',
          'station_name': 'Weather on Tjörn',
          'tx_id': 5,
        }),
        dict({
          'active': True,
          'category': 'Leaf/Soil',
          'created_date': 1565863610,
          'elevation': 36.34928,
          'latitude': 58.01417,
          'longitude': 11.58346,
          'lsid': 251000,
          'manufacturer': 'Davis Instruments',
          'modified_date': 1713449120,
          'parent_device_id': 7406856,
          'parent_device_id_hex': '001D0A710508',
          'parent_device_name': 'Weather on Tjörn',
          'parent_device_type': 'Gateway',
          'port_number': 2,
          'product_name': 'Leaf/Soil',
          'product_number': '',
          'rain_collector_type': 0,
          'sensor_type': 56,
          'station_id': 75649,
          'station_id_uuid': '44df599c-f4b8-4905-a564-5e57a2b018f0',
          'station_name': 'Weather on Tjörn',
          'tx_id': 2,
        }),
        dict({
          'active': True,
          'category': 'Barometer',
          'created_date': 1565858014,
          'elevation': 36.34928,
          'latitude': 58.01417,
          'longitude': 11.58346,
          'lsid': 250992,
          'manufacturer': 'Davis Instruments',
          'modified_date': 1565858014,
          'parent_device_id': 7406856,
          'parent_device_id_hex': '001D0A710508',
          'parent_device_name': 'Weather on Tjörn',
          'parent_device_type': 'Gateway',
          'port_number': 9,
          'product_name': 'Barometer',
          'product_number': '',
          'rain_collector_type': 0,
          'sensor_type': 242,
          'station_id': 75649,
          'station_id_uuid': '44df599c-f4b8-4905-a564-5e57a2b018f0',
          'station_name': 'Weather on Tjörn',
          'tx_id': None,
        }),
        dict({
          'active': True,
          'category': 'Inside Temp/Hum',
          'created_date': 1565858014,
          'elevation': 36.34928,
          'latitude': 58.01417,
          'longitude': 11.58346,
          'lsid': 250993,
          'manufacturer': 'Davis Instruments',
          'modified_date': 1565858014,
          'parent_device_id': 7406856,
          'parent_device_id_hex': '001D0A710508',
          'parent_device_name': 'Weather on Tjörn',
          'parent_device_type': 'Gateway',
          'port_number': -1,
          'product_name': 'Inside Temp/Hum',
          'product_number': '',
          'rain_collector_type': 0,
          'sensor_type': 243,
          'station_id': 75649,
          'station_id_uuid': '44df599c-f4b8-4905-a564-5e57a2b018f0',
          'station_name': 'Weather on Tjörn',
          'tx_id': None,
        }),
        dict({
          'active': True,
          'category': 'HEALTH',
          'created_date': 1565858014,
          'elevation': 36.34928,
          'latitude': 58.01417,
          'longitude': 11.58346,
          'lsid': 250991,
          'manufacturer': 'Davis Instruments',
          'modified_date': 1565858014,
          'parent_device_id': 7406856,
          'parent_device_id_hex': '001D0A710508',
          'parent_device_name': 'Weather on Tjörn',
          'parent_device_type': 'Gateway',
          'port_number': 0,
          'product_name': 'WeatherLink LIVE Health',
          'product_number': None,
          'rain_collector_type': 0,
          'sensor_type': 504,
          'station_id': 75649,
          'station_id_uuid': '44df599c-f4b8-4905-a564-5e57a2b018f0',
          'station_name': 'Weather on Tjörn',
          'tx_id': None,
        }),
        dict({
          'active': True,
          'category': 'ISS',
          'created_date': 1583507822,
          'elevation': 6.67509,
          'latitude': 58.24263,
          'longitude': 8.45059,
          'lsid': 296205,
          'manufacturer': 'Davis Instruments',
          'modified_date': 1721033495,
          'parent_device_id': 7408476,
          'parent_device_id_hex': '001D0A710B5C',
          'parent_device_name': 'Lille Lyngholmen LIVE',
          'parent_device_type': 'Gateway',
          'port_number': 3,
          'product_name': 'Vantage Pro2, Wireless',
          'product_number': '6322',
          'rain_collector_type': 2,
          'sensor_type': 48,
          'station_id': 86310,
          'station_id_uuid': '59d1bf91-0a05-4587-baee-c98534dfbbbd',
          'station_name': 'Lille Lyngholmen LIVE',
          'tx_id': 3,
        }),
        dict({
          'active': True,
          'category': 'Other',
          'created_date': 1583512593,
          'elevation': 6.67509,
          'latitude': 58.24263,
          'longitude': 8.45059,
          'lsid': 296234,
          'manufacturer': 'Davis Instruments',
          'modified_date': 1721033495,
          'parent_device_id': 7408476,
          'parent_device_id_hex': '001D0A710B5C',
          'parent_device_name': 'Lille Lyngholmen LIVE',
          'parent_device_type': 'Gateway',
          'port_number': 2,
          'product_name': 'Sensor Suite',
          'product_number': '',
          'rain_collector_type': 0,
          'sensor_type': 55,
          'station_id': 86310,
          'station_id_uuid': '59d1bf91-0a05-4587-baee-c98534dfbbbd',
          'station_name': 'Lille Lyngholmen LIVE',
          'tx_id': 2,
        }),
        dict({
          'active': True,
          'category': 'Barometer',
          'created_date': 1583506804,
          'elevation': 6.67509,
          'latitude': 58.24263,
          'longitude': 8.45059,
          'lsid': 296197,
          'manufacturer': 'Davis Instruments',
          'modified_date': 1583506804,
          'parent_device_id': 7408476,
          'parent_device_id_hex': '001D0A710B5C',
          'parent_device_name': 'Lille Lyngholmen LIVE',
          'parent_device_type': 'Gateway',
          'port_number': 9,
          'product_name': 'Barometer',
          'product_number': '',
          'rain_collector_type': 0,
          'sensor_type': 242,
          'station_id': 86310,
          'station_id_uuid': '59d1bf91-0a05-4587-baee-c98534dfbbbd',
          'station_name': 'Lille Lyngholmen LIVE',
          'tx_id': None,
        }),
        dict({
          'active': True,
          'category': 'Inside Temp/Hum',
          'created_date': 1583506804,
          'elevation': 6.67509,
          'latitude': 58.24263,
          'longitude': 8.45059,
          'lsid': 296198,
          'manufacturer': 'Davis Instruments',
          'modified_date': 1583506804,
          'parent_device_id': 7408476,
          'parent_device_id_hex': '001D0A710B5C',
          'parent_device_name': 'Lille Lyngholmen LIVE',
          'parent_device_type': 'Gateway',
          'port_number': -1,
          'product_name': 'Inside Temp/Hum',
          'product_number': '',
          'rain_collector_type': 0,
          'sensor_type': 243,
          'station_id': 86310,
          'station_id_uuid': '59d1bf91-0a05-4587-baee-c98534dfbbbd',
          'station_name': 'Lille Lyngholmen LIVE',
          'tx_id': None,
        }),
        dict({
          'active': True,
          'category': 'HEALTH',
          'created_date': 1583506804,
          'elevation': 6.67509,
          'latitude': 58.24263,
          'longitude': 8.45059,
          'lsid': 296196,
          'manufacturer': 'Davis Instruments',
          'modified_date': 1583506804,
          'parent_device_id': 7408476,
          'parent_device_id_hex': '001D0A710B5C',
          'parent_device_name': 'Lille Lyngholmen LIVE',
          'parent_device_type': 'Gateway',
          'port_number': 0,
          'product_name': 'WeatherLink LIVE Health',
          'product_number': None,
          'rain_collector_type': 0,
          'sensor_type': 504,
          'station_id': 86310,
          'station_id_uuid': '59d1bf91-0a05-4587-baee-c98534dfbbbd',
          'station_name': 'Lille Lyngholmen LIVE',
          'tx_id': None,
        }),
        dict({
          'active': True,
          'category': 'ISS',
          'created_date': 1693648265,
          'elevation': 16.353,
          'latitude': 59.60993,
          'longitude': 18.770649,
          'lsid': 649756,
          'manufacturer': 'Davis Instruments',
          'modified_date': 1694277699,
          'parent_device_id': 7443460,
          'parent_device_id_hex': '001D0A719404',
          'parent_device_name': 'Askön',
          'parent_device_type': 'Gateway',
          'port_number': 1,
          'product_name': 'Vantage Vue, Wireless',
          'product_number': '6357',
          'rain_collector_type': 2,
          'sensor_type': 37,
          'station_id': 167376,
          'station_id_uuid': 'e49a32ea-dd9c-4bdb-8354-00141a381845',
          'station_name': 'Askön',
          'tx_id': 1,
        }),
        dict({
          'active': True,
          'category': 'Barometer',
          'created_date': 1693647909,
          'elevation': 16.353,
          'latitude': 59.60993,
          'longitude': 18.770649,
          'lsid': 649754,
          'manufacturer': 'Davis Instruments',
          'modified_date': 1693647909,
          'parent_device_id': 7443460,
          'parent_device_id_hex': '001D0A719404',
          'parent_device_name': 'Askön',
          'parent_device_type': 'Gateway',
          'port_number': 9,
          'product_name': 'Barometer',
          'product_number': '',
          'rain_collector_type': 0,
          'sensor_type': 242,
          'station_id': 167376,
          'station_id_uuid': 'e49a32ea-dd9c-4bdb-8354-00141a381845',
          'station_name': 'Askön',
          'tx_id': None,
        }),
        dict({
          'active': True,
          'category': 'Inside Temp/Hum',
          'created_date': 1693647909,
          'elevation': 16.353,
          'latitude': 59.60993,
          'longitude': 18.770649,
          'lsid': 649755,
          'manufacturer': 'Davis Instruments',
          'modified_date': 1693647909,
          'parent_device_id': 7443460,
          'parent_device_id_hex': '001D0A719404',
          'parent_device_name': 'Askön',
          'parent_device_type': 'Gateway',
          'port_number': -1,
          'product_name': 'Inside Temp/Hum',
          'product_number': '',
          'rain_collector_type': 0,
          'sensor_type': 243,
          'station_id': 167376,
          'station_id_uuid': 'e49a32ea-dd9c-4bdb-8354-00141a381845',
          'station_name': 'Askön',
          'tx_id': None,
        }),
        dict({
          'active': True,
          'category': 'HEALTH',
          'created_date': 1693647909,
          'elevation': 16.353,
          'latitude': 59.60993,
          'longitude': 18.770649,
          'lsid': 649753,
          'manufacturer': 'Davis Instruments',
          'modified_date': 1693647909,
          'parent_device_id': 7443460,
          'parent_device_id_hex': '001D0A719404',
          'parent_device_name': 'Askön',
          'parent_device_type': 'Gateway',
          'port_number': 0,
          'product_name': 'WeatherLink LIVE Health',
          'product_number': None,
          'rain_collector_type': 0,
          'sensor_type': 504,
          'station_id': 167376,
          'station_id_uuid': 'e49a32ea-dd9c-4bdb-8354-00141a381845',
          'station_name': 'Askön',
          'tx_id': None,
        }),
        dict({
          'active': True,
          'category': 'ISS',
          'created_date': 1693934070,
          'elevation': 37.216557,
          'latitude': 59.30568,
          'longitude': 18.21594,
          'lsid': 650442,
          'manufacturer': 'Davis Instruments',
          'modified_date': 1693934070,
          'parent_device_id': 12586491,
          'parent_device_id_hex': '001d0ac00dfb',
          'parent_device_name': 'Strp81',
          'parent_device_type': 'Gateway',
          'port_number': 1,
          'product_name': 'Vantage Vue, Wireless',
          'product_number': '6357',
          'rain_collector_type': 2,
          'sensor_type': 37,
          'station_id': 167531,
          'station_id_uuid': '03e7585a-4f29-4e7c-b6cb-d9e17313b07c',
          'station_name': 'Strp81',
          'tx_id': 1,
        }),
        dict({
          'active': True,
          'category': 'Barometer',
          'created_date': 1693934167,
          'elevation': 37.216557,
          'latitude': 59.30568,
          'longitude': 18.21594,
          'lsid': 650440,
          'manufacturer': 'Davis Instruments',
          'modified_date': 1693934167,
          'parent_device_id': 12586491,
          'parent_device_id_hex': '001d0ac00dfb',
          'parent_device_name': 'Strp81',
          'parent_device_type': 'Gateway',
          'port_number': 9,
          'product_name': 'Barometer',
          'product_number': '',
          'rain_collector_type': 0,
          'sensor_type': 242,
          'station_id': 167531,
          'station_id_uuid': '03e7585a-4f29-4e7c-b6cb-d9e17313b07c',
          'station_name': 'Strp81',
          'tx_id': None,
        }),
        dict({
          'active': True,
          'category': 'Inside Temp/Hum',
          'created_date': 1693934167,
          'elevation': 37.216557,
          'latitude': 59.30568,
          'longitude': 18.21594,
          'lsid': 650441,
          'manufacturer': 'Davis Instruments',
          'modified_date': 1693934167,
          'parent_device_id': 12586491,
          'parent_device_id_hex': '001d0ac00dfb',
          'parent_device_name': 'Strp81',
          'parent_device_type': 'Gateway',
          'port_number': -1,
          'product_name': 'Inside Temp/Hum',
          'product_number': '',
          'rain_collector_type': 0,
          'sensor_type': 365,
          'station_id': 167531,
          'station_id_uuid': '03e7585a-4f29-4e7c-b6cb-d9e17313b07c',
          'station_name': 'Strp81',
          'tx_id': None,
        }),
        dict({
          'active': True,
          'category': 'HEALTH',
          'created_date': 1693934167,
          'elevation': 37.216557,
          'latitude': 59.30568,
          'longitude': 18.21594,
          'lsid': 650439,
          'manufacturer': 'Davis Instruments',
          'modified_date': 1693934167,
          'parent_device_id': 12586491,
          'parent_device_id_hex': '001d0ac00dfb',
          'parent_device_name': 'Strp81',
          'parent_device_type': 'Gateway',
          'port_number': 0,
          'product_name': 'Console Health',
          'product_number': None,
          'rain_collector_type': 0,
          'sensor_type': 509,
          'station_id': 167531,
          'station_id_uuid': '03e7585a-4f29-4e7c-b6cb-d9e17313b07c',
          'station_name': 'Strp81',
          'tx_id': None,
        }),
        dict({
          'active': True,
          'category': 'Air Quality',
          'created_date': 1712660326,
          'elevation': 3.0,
          'latitude': 59.305717,
          'longitude': 18.215973,
          'lsid': 716449,
          'manufacturer': 'Davis Instruments',
          'modified_date': 1712660326,
          'parent_device_id': 1056344,
          'parent_device_id_hex': '001D0A101E58',
          'parent_device_name': 'Saltsjö-Duvnäs AQ',
          'parent_device_type': 'Node',
          'port_number': -10,
          'product_name': 'AirLink',
          'product_number': '7210',
          'rain_collector_type': 0,
          'sensor_type': 323,
          'station_id': 183139,
          'station_id_uuid': 'c04a572b-583e-4e45-a222-7444e0ae7697',
          'station_name': 'Saltsjö-Duvnäs AQ',
          'tx_id': None,
        }),
        dict({
          'active': True,
          'category': 'HEALTH',
          'created_date': 1712660326,
          'elevation': 3.0,
          'latitude': 59.305717,
          'longitude': 18.215973,
          'lsid': 716448,
          'manufacturer': 'Davis Instruments',
          'modified_date': 1712660326,
          'parent_device_id': 1056344,
          'parent_device_id_hex': '001D0A101E58',
          'parent_device_name': 'Saltsjö-Duvnäs AQ',
          'parent_device_type': 'Node',
          'port_number': 0,
          'product_name': 'AQS Health',
          'product_number': None,
          'rain_collector_type': 0,
          'sensor_type': 506,
          'station_id': 183139,
          'station_id_uuid': 'c04a572b-583e-4e45-a222-7444e0ae7697',
          'station_name': 'Saltsjö-Duvnäs AQ',
          'tx_id': None,
        }),
      ]),
    }),
    'current_data': dict({
      'generated_at': 1735387067,
      'sensors': list([
        dict({
          'data': list([
            dict({
              'dew_point_in': 42.3,
              'heat_index_in': 67.8,
              'hum_in': 36.1,
              'temp_in': 70.5,
              'ts': 1735386900,
              'tz_offset': 3600,
              'wbgt_in': None,
              'wet_bulb_in': 55.4,
            }),
          ]),
          'data_structure_type': 21,
          'lsid': 650441,
          'sensor_type': 365,
        }),
        dict({
          'data': list([
            dict({
              'bar_absolute': 30.174,
              'bar_offset': 0,
              'bar_sea_level': 30.181,
              'bar_trend': -0.047,
              'ts': 1735386900,
              'tz_offset': 3600,
            }),
          ]),
          'data_structure_type': 19,
          'lsid': 650440,
          'sensor_type': 242,
        }),
        dict({
          'data': list([
            dict({
              'cdd_day': 0,
              'crc_errors_day': 9,
              'dew_point': -36.2,
              'et_day': 0,
              'et_month': 0,
              'et_year': 0,
              'freq_error_current': -1,
              'freq_error_total': -421,
              'freq_index': 0,
              'hdd_day': 13.014,
              'heat_index': 37.8,
              'hum': 2.8,
              'last_packet_received_timestamp': 1735386899,
              'packets_missed_day': 47,
              'packets_missed_streak': 0,
              'packets_missed_streak_hi_day': 1,
              'packets_received_day': 18099,
              'packets_received_streak': 232,
              'packets_received_streak_hi_day': 1439,
              'rain_rate_hi_clicks': 0,
              'rain_rate_hi_in': 0,
              'rain_rate_hi_last_15_min_clicks': 0,
              'rain_rate_hi_last_15_min_in': 0,
              'rain_rate_hi_last_15_min_mm': 0,
              'rain_rate_hi_mm': 0,
              'rain_rate_last_clicks': 0,
              'rain_rate_last_in': 0,
              'rain_rate_last_mm': 0,
              'rain_size': 2,
              'rain_storm_current_clicks': 17,
              'rain_storm_current_in': 0.13385826,
              'rain_storm_current_mm': 3.4,
              'rain_storm_current_start_at': 1735331847,
              'rain_storm_last_clicks': 36,
              'rain_storm_last_end_at': 1734923847,
              'rain_storm_last_in': 0.28346458,
              'rain_storm_last_mm': 7.2,
              'rain_storm_last_start_at': 1734780955,
              'rainfall_day_clicks': 1,
              'rainfall_day_in': 0.007874016,
              'rainfall_day_mm': 0.2,
              'rainfall_last_15_min_clicks': 0,
              'rainfall_last_15_min_in': 0,
              'rainfall_last_15_min_mm': 0,
              'rainfall_last_24_hr_clicks': 17,
              'rainfall_last_24_hr_in': 0.13385826,
              'rainfall_last_24_hr_mm': 3.4,
              'rainfall_last_60_min_clicks': 0,
              'rainfall_last_60_min_in': 0,
              'rainfall_last_60_min_mm': 0,
              'rainfall_month_clicks': 220,
              'rainfall_month_in': 1.7322835,
              'rainfall_month_mm': 44,
              'rainfall_year_clicks': 2719,
              'rainfall_year_in': 21.409449,
              'rainfall_year_mm': 543.8,
              'reception_day': 100,
              'resyncs_day': 0,
              'rssi_last': -59,
              'rx_state': 0,
              'solar_energy_day': 0,
              'solar_panel_volt': 0.422,
              'solar_rad': None,
              'spars_rpm': None,
              'spars_volt': None,
              'supercap_volt': 0.905,
              'temp': 40.1,
              'thsw_index': None,
              'thw_index': 37.5,
              'trans_battery_flag': 0,
              'trans_battery_volt': 2.822,
              'ts': 1735386900,
              'tx_id': 1,
              'tz_offset': 3600,
              'uv_dose_day': 0,
              'uv_index': None,
              'wbgt': None,
              'wet_bulb': 27.3,
              'wind_chill': 39.7,
              'wind_dir_at_hi_speed_last_10_min': 233,
              'wind_dir_at_hi_speed_last_2_min': 125,
              'wind_dir_last': 263,
              'wind_dir_scalar_avg_last_10_min': 157,
              'wind_dir_scalar_avg_last_1_min': 139,
              'wind_dir_scalar_avg_last_2_min': 135,
              'wind_run_day': 3.9000000953674316,
              'wind_speed_avg_last_10_min': 2.1,
              'wind_speed_avg_last_1_min': 1.45,
              'wind_speed_avg_last_2_min': 1.12,
              'wind_speed_hi_last_10_min': 9.06,
              'wind_speed_hi_last_2_min': 2.75,
              'wind_speed_last': 1.19,
            }),
          ]),
          'data_structure_type': 23,
          'lsid': 650442,
          'sensor_type': 37,
        }),
        dict({
          'data': list([
            dict({
              'app_uptime': 1243653,
              'battery_condition': 2,
              'battery_current': 0,
              'battery_cycle_count': 1,
              'battery_percent': 100,
              'battery_status': 5,
              'battery_temp': 28,
              'battery_voltage': 4304,
              'bgn': None,
              'bootloader_version': 2,
              'charger_plugged': 1,
              'clock_source': 2,
              'connection_uptime': 701989,
              'console_api_level': 28,
              'console_os_version': '1.3.9',
              'console_radio_version': '10.3.12.106',
              'console_sw_version': '1.4.59',
              'database_kilobytes': 108359,
              'dns_type_used': None,
              'free_mem': 738971,
              'gnss_sip_tx_id': 0,
              'health_version': 1,
              'internal_free_space': 2193829,
              'ip_address_type': None,
              'ip_v4_address': '192.168.0.65',
              'ip_v4_gateway': '192.168.0.1',
              'ip_v4_netmask': '255.255.255.0',
              'link_uptime': 1243645,
              'local_api_queries': None,
              'os_uptime': 3316245,
              'queue_kilobytes': 4,
              'rx_kilobytes': 2057544,
              'system_free_space': 740962,
              'ts': 1735386300,
              'tx_kilobytes': 136282,
              'tz_offset': 3600,
              'wifi_rssi': -55,
            }),
          ]),
          'data_structure_type': 27,
          'lsid': 650439,
          'sensor_type': 509,
        }),
      ]),
      'station_id': 167531,
      'station_id_uuid': '03e7585a-4f29-4e7c-b6cb-d9e17313b07c',
    }),
    'data': dict({
      '1': dict({
        'bar_sea_level': 30.181,
        'bar_trend': -0.047,
        'data_structure': 23,
        'dewpoint': -36.2,
        'et_day': 0,
        'et_month': 0,
        'et_year': 0,
        'heat_index': 37.8,
        'hum_in': 36.1,
        'hum_out': 2.8,
        'rain_day': 0.007874016,
        'rain_month': 1.7322835,
        'rain_rate': 0,
        'rain_storm': 0.13385826,
        'rain_storm_last': 0.28346458,
        'rain_storm_last_end': 1734923847,
        'rain_storm_last_start': 1734780955,
        'rain_storm_start': 1735331847,
        'rain_year': 21.409449,
        'sensor_type': 37,
        'solar_panel_volt': 0.422,
        'solar_radiation': None,
        'supercap_volt': 0.905,
        'temp_in': 70.5,
        'temp_out': 40.1,
        'thsw_index': None,
        'thw_index': 37.5,
        'timestamp': 1735386900,
        'trans_battery_flag': 0,
        'trans_battery_volt': 2.822,
        'uv_index': None,
        'wet_bulb': 27.3,
        'wind_chill': 39.7,
        'wind_dir': 263,
        'wind_gust_mph': 9.06,
        'wind_mph': 1.19,
      }),
      'station_id_uuid': '03e7585a-4f29-4e7c-b6cb-d9e17313b07c',
    }),
    'info': dict({
      'api_key_v2': '**REDACTED**',
      'api_secret': '**REDACTED**',
      'api_version': 'api_v2',
      'station_id': '167531',
    }),
    'sensor_metadata': list([
      dict({
        'active': True,
        'category': 'ISS',
        'created_date': 1693934070,
        'elevation': 37.216557,
        'latitude': 59.30568,
        'longitude': 18.21594,
        'lsid': 650442,
        'manufacturer': 'Davis Instruments',
        'modified_date': 1693934070,
        'parent_device_id': 12586491,
        'parent_device_id_hex': '001d0ac00dfb',
        'parent_device_name': 'Strp81',
        'parent_device_type': 'Gateway',
        'port_number': 1,
        'product_name': 'Vantage Vue, Wireless',
        'product_number': '6357',
        'rain_collector_type': 2,
        'sensor_type': 37,
        'station_id': 167531,
        'station_id_uuid': '03e7585a-4f29-4e7c-b6cb-d9e17313b07c',
        'station_name': 'Strp81',
        'tx_id': 1,
      }),
      dict({
        'active': True,
        'category': 'Barometer',
        'created_date': 1693934167,
        'elevation': 37.216557,
        'latitude': 59.30568,
        'longitude': 18.21594,
        'lsid': 650440,
        'manufacturer': 'Davis Instruments',
        'modified_date': 1693934167,
        'parent_device_id': 12586491,
        'parent_device_id_hex': '001d0ac00dfb',
        'parent_device_name': 'Strp81',
        'parent_device_type': 'Gateway',
        'port_number': 9,
        'product_name': 'Barometer',
        'product_number': '',
        'rain_collector_type': 0,
        'sensor_type': 242,
        'station_id': 167531,
        'station_id_uuid': '03e7585a-4f29-4e7c-b6cb-d9e17313b07c',
        'station_name': 'Strp81',
        'tx_id': None,
      }),
      dict({
        'active': True,
        'category': 'Inside Temp/Hum',
        'created_date': 1693934167,
        'elevation': 37.216557,
        'latitude': 59.30568,
        'longitude': 18.21594,
        'lsid': 650441,
        'manufacturer': 'Davis Instruments',
        'modified_date': 1693934167,
        'parent_device_id': 12586491,
        'parent_device_id_hex': '001d0ac00dfb',
        'parent_device_name': 'Strp81',
        'parent_device_type': 'Gateway',
        'port_number': -1,
        'product_name': 'Inside Temp/Hum',
        'product_number': '',
        'rain_collector_type': 0,
        'sensor_type': 365,
        'station_id': 167531,
        'station_id_uuid': '03e7585a-4f29-4e7c-b6cb-d9e17313b07c',
        'station_name': 'Strp81',
        'tx_id': None,
      }),
      dict({
        'active': True,
        'category': 'HEALTH',
        'created_date': 1693934167,
        'elevation': 37.216557,
        'latitude': 59.30568,
        'longitude': 18.21594,
        'lsid': 650439,
        'manufacturer': 'Davis Instruments',
        'modified_date': 1693934167,
        'parent_device_id': 12586491,
        'parent_device_id_hex': '001d0ac00dfb',
        'parent_device_name': 'Strp81',
        'parent_device_type': 'Gateway',
        'port_number': 0,
        'product_name': 'Console Health',
        'product_number': None,
        'rain_collector_type': 0,
        'sensor_type': 509,
        'station_id': 167531,
        'station_id_uuid': '03e7585a-4f29-4e7c-b6cb-d9e17313b07c',
        'station_name': 'Strp81',
        'tx_id': None,
      }),
    ]),
    'station_data': dict({
      'generated_at': 1735386408,
      'stations': list([
        dict({
          'active': True,
          'city': 'Saltsjö-duvnäs',
          'company_name': '',
          'country': 'Sweden',
          'elevation': 37.216557,
          'firmware_version': '1.4.59',
          'gateway_id': 12586491,
          'gateway_id_hex': '001d0ac00dfb',
          'gateway_type': 'WeatherLink Console',
          'latitude': 59.30568,
          'longitude': 18.21594,
          'private': False,
          'product_number': '6313',
          'recording_interval': 5,
          'region': 'Stockholms län',
          'registered_date': 1693934167,
          'relationship_type': 'Owned',
          'station_id': 167531,
          'station_id_uuid': '03e7585a-4f29-4e7c-b6cb-d9e17313b07c',
          'station_name': 'Strp81',
          'subscription_type': 'Pro',
          'time_zone': 'Europe/Stockholm',
          'user_email': '**REDACTED**',
          'username': '**REDACTED**',
        }),
      ]),
    }),
  })
# ---
